// Jest Snapshot v1, https://goo.gl/fbAQLP

exports[`users should be ordered by name ascendingly 1`] = `
Object {
  "edges": Array [
    Object {
      "cursor": "1546300800000___name_Alice_asc",
      "node": Object {
        "age": 20,
        "created_at": "1546300800000",
        "id": "ad9b39ab-410b-4dea-8474-7f5595390faa",
        "name": "Alice",
      },
    },
    Object {
      "cursor": "1551398400000___name_Bob_asc",
      "node": Object {
        "age": 35,
        "created_at": "1551398400000",
        "id": "30eedb09-bc72-4962-a952-8fde38ee78a6",
        "name": "Bob",
      },
    },
  ],
  "pageInfo": Object {
    "endCursor": "1551398400000___name_Bob_asc",
  },
}
`;

exports[`users should be ordered by name descendingly 1`] = `
Object {
  "edges": Array [
    Object {
      "cursor": "1583020800000___name_Zen_desc",
      "node": Object {
        "age": 90,
        "created_at": "1583020800000",
        "id": "f4e47d1d-907c-46a6-b3d7-7677ecda4d21",
        "name": "Zen",
      },
    },
    Object {
      "cursor": "1527811200000___name_Ed_desc",
      "node": Object {
        "age": 22,
        "created_at": "1527811200000",
        "id": "cefc62c2-6d61-4af4-a9e5-34630455b650",
        "name": "Ed",
      },
    },
  ],
  "pageInfo": Object {
    "endCursor": "1527811200000___name_Ed_desc",
  },
}
`;
